// Jest Snapshot v1, https://goo.gl/fbAQLP

exports[`Users component renders as expected 1`] = `ShallowWrapper {}`;
